2021-06-02 21:25:32,801:DEBUG:Using proactor: IocpProactor
2021-06-02 21:27:24,485:DEBUG:Using proactor: IocpProactor
2021-06-02 21:35:00,170:INFO:D:\Documents\Volare\backend\logs changed, reloading.
2021-06-02 21:35:00,171:DEBUG:Using proactor: IocpProactor
2021-06-02 21:35:10,663:INFO:D:\Documents\Volare\backend\logs changed, reloading.
2021-06-02 21:35:10,664:DEBUG:Using proactor: IocpProactor
2021-06-02 21:35:21,034:INFO:D:\Documents\Volare\backend\logs changed, reloading.
2021-06-02 21:35:21,035:DEBUG:Using proactor: IocpProactor
2021-06-02 21:35:42,886:INFO:D:\Documents\Volare\backend\logs changed, reloading.
2021-06-02 21:35:42,887:DEBUG:Using proactor: IocpProactor
2021-06-02 21:37:10,608:INFO:D:\Documents\Volare\backend\algolia\views.py changed, reloading.
2021-06-02 21:37:10,609:DEBUG:Using proactor: IocpProactor
